스냅샷 저장 중 오류 발생: (sqlalchemy.dialects.postgresql.asyncpg.IntegrityError) <class 'asyncpg.exceptions.NotNullViolationError'>: null value in column "created_at" of relation "portfolio_snapshots" violates not-null constraint
DETAIL:  Failing row contains (12, 2026-02-21, 0, 13899.83909972, 13899.83909972, 0, {"items": [], "krw_total": 13899.83909972, "krw_available": 1389..., null, 2026-02-21 13:35:44.23753+00).
[SQL: INSERT INTO portfolio_snapshots (base_date, invested_krw, equity_krw, pnl_krw, pnl_rate, assets) VALUES ($1::DATE, $2::FLOAT, $3::FLOAT, $4::FLOAT, $5::FLOAT, $6::JSONB) RETURNING portfolio_snapshots.id, portfolio_snapshots.created_at, portfolio_snapshots.updated_at]
[parameters: (datetime.date(2026, 2, 21), 0.0, 13899.83909972, 13899.83909972, 0.0, '{"krw_total": 13899.83909972, "krw_available": 13899.83909972, "items": []}')]
(Background on this error at: https://sqlalche.me/e/20/gkpj)
스냅샷 저장 중 오류 발생: (sqlalchemy.dialects.postgresql.asyncpg.IntegrityError) <class 'asyncpg.exceptions.NotNullViolationError'>: null value in column "created_at" of relation "portfolio_snapshots" violates not-null constraint
DETAIL:  Failing row contains (11, 2026-02-21, 0, 13899.83909972, 13899.83909972, 0, {"items": [], "krw_total": 13899.83909972, "krw_available": 1389..., null, 2026-02-21 13:35:21.205492+00).
[SQL: INSERT INTO portfolio_snapshots (base_date, invested_krw, equity_krw, pnl_krw, pnl_rate, assets) VALUES ($1::DATE, $2::FLOAT, $3::FLOAT, $4::FLOAT, $5::FLOAT, $6::JSONB) RETURNING portfolio_snapshots.id, portfolio_snapshots.created_at, portfolio_snapshots.updated_at]
[parameters: (datetime.date(2026, 2, 21), 0.0, 13899.83909972, 13899.83909972, 0.0, '{"krw_total": 13899.83909972, "krw_available": 13899.83909972, "items": []}')]
(Background on this error at: https://sqlalche.me/e/20/gkpj)
스냅샷 저장 중 오류 발생: (sqlalchemy.dialects.postgresql.asyncpg.IntegrityError) <class 'asyncpg.exceptions.NotNullViolationError'>: null value in column "created_at" of relation "portfolio_snapshots" violates not-null constraint
DETAIL:  Failing row contains (10, 2026-02-21, 0, 13899.83909972, 13899.83909972, 0, {"items": [], "krw_total": 13899.83909972, "krw_available": 1389..., null, 2026-02-21 13:34:19.965695+00).
[SQL: INSERT INTO portfolio_snapshots (base_date, invested_krw, equity_krw, pnl_krw, pnl_rate, assets) VALUES ($1::DATE, $2::FLOAT, $3::FLOAT, $4::FLOAT, $5::FLOAT, $6::JSONB) RETURNING portfolio_snapshots.id, portfolio_snapshots.created_at, portfolio_snapshots.updated_at]
[parameters: (datetime.date(2026, 2, 21), 0.0, 13899.83909972, 13899.83909972, 0.0, '{"krw_total": 13899.83909972, "krw_available": 13899.83909972, "items": []}')]
(Background on this error at: https://sqlalche.me/e/20/gkpj)
스냅샷 저장 중 오류 발생: (sqlalchemy.dialects.postgresql.asyncpg.IntegrityError) <class 'asyncpg.exceptions.NotNullViolationError'>: null value in column "created_at" of relation "portfolio_snapshots" violates not-null constraint
DETAIL:  Failing row contains (9, 2026-02-21, 0, 13899.83909972, 13899.83909972, 0, {"items": [], "krw_total": 13899.83909972, "krw_available": 1389..., null, 2026-02-21 13:32:27.16812+00).
[SQL: INSERT INTO portfolio_snapshots (base_date, invested_krw, equity_krw, pnl_krw, pnl_rate, assets) VALUES ($1::DATE, $2::FLOAT, $3::FLOAT, $4::FLOAT, $5::FLOAT, $6::JSONB) RETURNING portfolio_snapshots.id, portfolio_snapshots.created_at, portfolio_snapshots.updated_at]
[parameters: (datetime.date(2026, 2, 21), 0.0, 13899.83909972, 13899.83909972, 0.0, '{"krw_total": 13899.83909972, "krw_available": 13899.83909972, "items": []}')]
(Background on this error at: https://sqlalche.me/e/20/gkpj)
스냅샷 저장 중 오류 발생: (sqlalchemy.dialects.postgresql.asyncpg.IntegrityError) <class 'asyncpg.exceptions.NotNullViolationError'>: null value in column "created_at" of relation "portfolio_snapshots" violates not-null constraint
DETAIL:  Failing row contains (8, 2026-02-21, 0, 13899.83909972, 13899.83909972, 0, {"items": [], "krw_total": 13899.83909972, "krw_available": 1389..., null, 2026-02-21 13:31:58.931035+00).
[SQL: INSERT INTO portfolio_snapshots (base_date, invested_krw, equity_krw, pnl_krw, pnl_rate, assets) VALUES ($1::DATE, $2::FLOAT, $3::FLOAT, $4::FLOAT, $5::FLOAT, $6::JSONB) RETURNING portfolio_snapshots.id, portfolio_snapshots.created_at, portfolio_snapshots.updated_at]
[parameters: (datetime.date(2026, 2, 21), 0.0, 13899.83909972, 13899.83909972, 0.0, '{"krw_total": 13899.83909972, "krw_available": 13899.83909972, "items": []}')]
(Background on this error at: https://sqlalche.me/e/20/gkpj)
